EN hex_to_7seg NULL C:/Labs/display_driver/hex_to_7seg.vhd sub00/vhpl02 1584726549
EN driver_7seg NULL C:/Labs/display_driver/driver_7seg.vhd sub00/vhpl04 1584726551
EN top NULL C:/Labs/display_driver/top.vhd sub00/vhpl06 1584726553
AR driver_7seg behavioral C:/Labs/display_driver/driver_7seg.vhd sub00/vhpl05 1584726552
AR clock_enable behavioral C:/Labs/display_driver/clock_enable.vhd sub00/vhpl01 1584726548
AR hex_to_7seg behavioral C:/Labs/display_driver/hex_to_7seg.vhd sub00/vhpl03 1584726550
EN clock_enable NULL C:/Labs/display_driver/clock_enable.vhd sub00/vhpl00 1584726547
AR top behavioral C:/Labs/display_driver/top.vhd sub00/vhpl07 1584726554
